node.exe : npm warn Unknown cli config "--watchAll". This will stop working in the next 
major version of npm.
Au caractère C:\Program Files\nodejs\npm.ps1:29 : 3
+   & $NODE_EXE $NPM_CLI_JS $args
+   ~~~~~~~~~~~~~~~~~~~~~~~~~~~~~
    + CategoryInfo          : NotSpecified: (npm warn Unknow...version of npm.:String) [],  
   RemoteException
    + FullyQualifiedErrorId : NativeCommandError
 
npm warn Unknown cli config "--runInBand". This will stop working in the next major version 
of npm.

> projet@0.1.0 test
> react-scripts test

PASS src/components/tests/ConfirmModal.test.jsx
PASS src/components/tests/BookCard.test.jsx
PASS src/contexts/AuthContext.test.jsx
PASS src/components/tests/BookDetails.test.jsx
PASS src/components/tests/Login.test.jsx
PASS src/App.test.js

Test Suites: 6 passed, 6 total
Tests:       12 passed, 12 total
Snapshots:   0 total
Time:        2.932 s
Ran all test suites.
